Archive member included to satisfy reference by file (symbol)

../libopencm3/lib/libopencm3_stm32f1.a(desig.o)
                              build/CH32F203/./stm32f103/target_stm32f103.o (desig_get_unique_id_as_string)
../libopencm3/lib/libopencm3_stm32f1.a(flash.o)
                              build/CH32F203/./stm32f103/target_stm32f103.o (flash_program_half_word)
../libopencm3/lib/libopencm3_stm32f1.a(gpio.o)
                              build/CH32F203/./stm32f103/target_stm32f103.o (gpio_set_mode)
../libopencm3/lib/libopencm3_stm32f1.a(gpio_common_all.o)
                              build/CH32F203/./stm32f103/target_stm32f103.o (gpio_set)
../libopencm3/lib/libopencm3_stm32f1.a(rcc_common_all.o)
                              build/CH32F203/./stm32f103/target_stm32f103.o (rcc_periph_clock_enable)
../libopencm3/lib/libopencm3_stm32f1.a(flash_common_f01.o)
                              build/CH32F203/./stm32f103/target_stm32f103.o (flash_unlock)
../libopencm3/lib/libopencm3_stm32f1.a(usb.o)
                              build/CH32F203/usb_conf.o (usbd_init)
../libopencm3/lib/libopencm3_stm32f1.a(usb_control.o)
                              build/CH32F203/usb_msc.o (usbd_register_control_callback)
../libopencm3/lib/libopencm3_stm32f1.a(usb_standard.o)
                              build/CH32F203/usb_msc.o (usbd_register_set_config_callback)
../libopencm3/lib/libopencm3_stm32f1.a(st_usbfs_v1.o)
                              build/CH32F203/./stm32f103/target_stm32f103.o (st_usbfs_v1_usb_driver)
../libopencm3/lib/libopencm3_stm32f1.a(vector.o)
                              (reset_handler)
../libopencm3/lib/libopencm3_stm32f1.a(scb.o)
                              build/CH32F203/./stm32f103/target_stm32f103.o (scb_reset_system)
../libopencm3/lib/libopencm3_stm32f1.a(st_usbfs_core.o)
                              ../libopencm3/lib/libopencm3_stm32f1.a(st_usbfs_v1.o) (st_usbfs_set_address)
/usr/lib/gcc/arm-none-eabi/6.3.1/../../../arm-none-eabi/lib/thumb/v7-m/libc.a(lib_a-memcmp.o)
                              build/CH32F203/ghostfat.o (memcmp)
/usr/lib/gcc/arm-none-eabi/6.3.1/../../../arm-none-eabi/lib/thumb/v7-m/libc.a(lib_a-memcpy.o)
                              build/CH32F203/dmesg.o (memcpy)
/usr/lib/gcc/arm-none-eabi/6.3.1/../../../arm-none-eabi/lib/thumb/v7-m/libc.a(lib_a-memmove.o)
                              build/CH32F203/dmesg.o (memmove)
/usr/lib/gcc/arm-none-eabi/6.3.1/../../../arm-none-eabi/lib/thumb/v7-m/libc.a(lib_a-memset.o)
                              build/CH32F203/dmesg.o (memset)
/usr/lib/gcc/arm-none-eabi/6.3.1/../../../arm-none-eabi/lib/thumb/v7-m/libc.a(lib_a-strlen-stub.o)
                              build/CH32F203/dmesg.o (strlen)
/usr/lib/gcc/arm-none-eabi/6.3.1/../../../arm-none-eabi/lib/thumb/v7-m/libc.a(lib_a-strncpy.o)
                              build/CH32F203/usb_conf.o (strncpy)

Discarded input sections

 .text          0x0000000000000000        0x0 build/CH32F203/./stm32f103/backup.o
 .data          0x0000000000000000        0x0 build/CH32F203/./stm32f103/backup.o
 .bss           0x0000000000000000        0x0 build/CH32F203/./stm32f103/backup.o
 .text          0x0000000000000000        0x0 build/CH32F203/./stm32f103/target_stm32f103.o
 .data          0x0000000000000000        0x0 build/CH32F203/./stm32f103/target_stm32f103.o
 .bss           0x0000000000000000        0x0 build/CH32F203/./stm32f103/target_stm32f103.o
 .text.target_get_max_firmware_size
                0x0000000000000000        0x6 build/CH32F203/./stm32f103/target_stm32f103.o
 .text          0x0000000000000000        0x0 build/CH32F203/dapboot.o
 .data          0x0000000000000000        0x0 build/CH32F203/dapboot.o
 .bss           0x0000000000000000        0x0 build/CH32F203/dapboot.o
 .text          0x0000000000000000        0x0 build/CH32F203/dmesg.o
 .data          0x0000000000000000        0x0 build/CH32F203/dmesg.o
 .bss           0x0000000000000000        0x0 build/CH32F203/dmesg.o
 .text          0x0000000000000000        0x0 build/CH32F203/dummy.o
 .data          0x0000000000000000        0x0 build/CH32F203/dummy.o
 .bss           0x0000000000000000        0x0 build/CH32F203/dummy.o
 .text.target_get_serial_number
                0x0000000000000000        0x8 build/CH32F203/dummy.o
 .text.target_log
                0x0000000000000000        0x2 build/CH32F203/dummy.o
 .text.target_manifest_app
                0x0000000000000000        0x6 build/CH32F203/dummy.o
 .text          0x0000000000000000        0x0 build/CH32F203/ghostfat.o
 .data          0x0000000000000000        0x0 build/CH32F203/ghostfat.o
 .bss           0x0000000000000000        0x0 build/CH32F203/ghostfat.o
 .text          0x0000000000000000        0x0 build/CH32F203/usb_conf.o
 .data          0x0000000000000000        0x0 build/CH32F203/usb_conf.o
 .bss           0x0000000000000000        0x0 build/CH32F203/usb_conf.o
 .text          0x0000000000000000        0x0 build/CH32F203/usb_msc.o
[...]
Memory Configuration

Name             Origin             Length             Attributes
rom              0x0000000008000000 0x0000000000004000 xr
ram              0x0000000020000000 0x0000000000005000 xrw
*default*        0x0000000000000000 0xffffffffffffffff

Linker script and memory map

LOAD build/CH32F203/./stm32f103/backup.o
LOAD build/CH32F203/./stm32f103/target_stm32f103.o
LOAD build/CH32F203/dapboot.o
LOAD build/CH32F203/dmesg.o
LOAD build/CH32F203/dummy.o
LOAD build/CH32F203/ghostfat.o
LOAD build/CH32F203/usb_conf.o
LOAD build/CH32F203/usb_msc.o
LOAD build/CH32F203/webusb.o
LOAD build/CH32F203/winusb.o
LOAD ../libopencm3/lib/libopencm3_stm32f1.a
START GROUP
LOAD /usr/lib/gcc/arm-none-eabi/6.3.1/../../../arm-none-eabi/lib/thumb/v7-m/libc.a
LOAD /usr/lib/gcc/arm-none-eabi/6.3.1/thumb/v7-m/libgcc.a
LOAD /usr/lib/gcc/arm-none-eabi/6.3.1/../../../arm-none-eabi/lib/thumb/v7-m/libnosys.a
END GROUP
START GROUP
LOAD /usr/lib/gcc/arm-none-eabi/6.3.1/thumb/v7-m/libgcc.a
LOAD /usr/lib/gcc/arm-none-eabi/6.3.1/../../../arm-none-eabi/lib/thumb/v7-m/libc.a
END GROUP

.text           0x0000000008000000     0x2a60
 *(.vectors)
 .vectors       0x0000000008000000      0x150 ../libopencm3/lib/libopencm3_stm32f1.a(vector.o)
                0x0000000008000000                vector_table
 *(.text*)
 .text.backup_write
                0x0000000008000150        0xc build/CH32F203/./stm32f103/backup.o
                0x0000000008000150                backup_write
 .text.backup_read
                0x000000000800015c        0xc build/CH32F203/./stm32f103/backup.o
                0x000000000800015c                backup_read
 .text.target_clock_setup
                0x0000000008000168        0x4 build/CH32F203/./stm32f103/target_stm32f103.o
                0x0000000008000168                target_clock_setup
 .text.target_set_led
                0x000000000800016c       0x18 build/CH32F203/./stm32f103/target_stm32f103.o
                0x000000000800016c                target_set_led
 .text.target_gpio_setup
                0x0000000008000184       0x50 build/CH32F203/./stm32f103/target_stm32f103.o
                0x0000000008000184                target_gpio_setup
 .text.target_usb_init
                0x00000000080001d4       0x2c build/CH32F203/./stm32f103/target_stm32f103.o
                0x00000000080001d4                target_usb_init
 .text.target_manifest_app
                0x0000000008000200       0x14 build/CH32F203/./stm32f103/target_stm32f103.o
                0x0000000008000200                target_manifest_app
 .text.target_get_force_app
                0x0000000008000214       0x24 build/CH32F203/./stm32f103/target_stm32f103.o
                0x0000000008000214                target_get_force_app
 .text.target_get_force_bootloader
                0x0000000008000238       0x4c build/CH32F203/./stm32f103/target_stm32f103.o
                0x0000000008000238                target_get_force_bootloader
 .text.target_get_serial_number
                0x0000000008000284        0x6 build/CH32F203/./stm32f103/target_stm32f103.o
                0x0000000008000284                target_get_serial_number
 *fill*         0x000000000800028a        0x2 
 .text.target_relocate_vector_table
                0x000000000800028c       0x10 build/CH32F203/./stm32f103/target_stm32f103.o
                0x000000000800028c                target_relocate_vector_table
 .text.target_flash_unlock
                0x000000000800029c        0x4 build/CH32F203/./stm32f103/target_stm32f103.o
                0x000000000800029c                target_flash_unlock
 .text.target_flash_lock
                0x00000000080002a0        0x4 build/CH32F203/./stm32f103/target_stm32f103.o
                0x00000000080002a0                target_flash_lock
 .text.target_flash_program_array
                0x00000000080002a4       0x74 build/CH32F203/./stm32f103/target_stm32f103.o
                0x00000000080002a4                target_flash_program_array
 .text.unlikely.jump_to_application
                0x0000000008000318       0x1c build/CH32F203/dapboot.o
 .text.validate_application
                0x0000000008000334       0x1c build/CH32F203/dapboot.o
                0x0000000008000334                validate_application
 .text.startup.main
                0x0000000008000350       0xf8 build/CH32F203/dapboot.o
                0x0000000008000350                main
 .text.writeNum
                0x0000000008000448       0x36 build/CH32F203/dmesg.o
 .text.logwrite
                0x000000000800047e       0x14 build/CH32F203/dmesg.o
 *fill*         0x0000000008000492        0x2 
 .text.logwriten
                0x0000000008000494       0x70 build/CH32F203/dmesg.o
 .text.codal_vdmesg
                0x0000000008000504      0x114 build/CH32F203/dmesg.o
                0x0000000008000504                codal_vdmesg
 .text.codal_dmesg
                0x0000000008000618       0x1a build/CH32F203/dmesg.o
                0x0000000008000618                codal_dmesg
 .text.target_pre_main
                0x0000000008000632        0x2 build/CH32F203/dummy.o
                0x0000000008000632                target_pre_main
 .text.flushFlash
                0x0000000008000634       0x74 build/CH32F203/ghostfat.o
 .text.ghostfat_1ms
                0x00000000080006a8       0x40 build/CH32F203/ghostfat.o
                0x00000000080006a8                ghostfat_1ms
 .text.read_block
                0x00000000080006e8      0x178 build/CH32F203/ghostfat.o
                0x00000000080006e8                read_block
 .text.write_block
                0x0000000008000860      0x150 build/CH32F203/ghostfat.o
                0x0000000008000860                write_block
 .text.usb_set_serial_number
                0x00000000080009b0       0x1c build/CH32F203/usb_conf.o
                0x00000000080009b0                usb_set_serial_number
 .text.usb_setup
                0x00000000080009cc       0x3c build/CH32F203/usb_conf.o
                0x00000000080009cc                usb_setup
 .text.msc_control_request
                0x0000000008000a08       0x24 build/CH32F203/usb_msc.o
 .text.msc_set_config
                0x0000000008000a2c       0x48 build/CH32F203/usb_msc.o
 .text.scsi_command.constprop.3
                0x0000000008000a74      0x2f0 build/CH32F203/usb_msc.o
 .text.msc_data_tx_cb
                0x0000000008000d64       0xd4 build/CH32F203/usb_msc.o
 .text.msc_data_rx_cb
                0x0000000008000e38      0x160 build/CH32F203/usb_msc.o
 .text.usb_msc_init
                0x0000000008000f98       0x6c build/CH32F203/usb_msc.o
                0x0000000008000f98                usb_msc_init
 .text.winusb_set_config
                0x0000000008001004       0x10 build/CH32F203/winusb.o
 .text.winusb_control_vendor_request
                0x0000000008001014       0x34 build/CH32F203/winusb.o
 .text.winusb_setup
                0x0000000008001048       0x30 build/CH32F203/winusb.o
                0x0000000008001048                winusb_setup
 .text.desig_get_unique_id
                0x0000000008001078       0x20 ../libopencm3/lib/libopencm3_stm32f1.a(desig.o)
                0x0000000008001078                desig_get_unique_id
 .text.desig_get_unique_id_as_string
                0x0000000008001098       0x74 ../libopencm3/lib/libopencm3_stm32f1.a(desig.o)
                0x0000000008001098                desig_get_unique_id_as_string
 .text.flash_get_status_flags
                0x000000000800110c       0x28 ../libopencm3/lib/libopencm3_stm32f1.a(flash.o)
                0x000000000800110c                flash_get_status_flags
 .text.flash_program_half_word
                0x0000000008001134       0x64 ../libopencm3/lib/libopencm3_stm32f1.a(flash.o)
                0x0000000008001134                flash_program_half_word
 .text.flash_erase_page
                0x0000000008001198       0x7c ../libopencm3/lib/libopencm3_stm32f1.a(flash.o)
                0x0000000008001198                flash_erase_page
 .text.gpio_set_mode
                0x0000000008001214       0x62 ../libopencm3/lib/libopencm3_stm32f1.a(gpio.o)
                0x0000000008001214                gpio_set_mode
 .text.gpio_set
                0x0000000008001276        0x4 ../libopencm3/lib/libopencm3_stm32f1.a(gpio_common_all.o)
                0x0000000008001276                gpio_set
 .text.gpio_clear
                0x000000000800127a        0x6 ../libopencm3/lib/libopencm3_stm32f1.a(gpio_common_all.o)
                0x000000000800127a                gpio_clear
 .text.rcc_periph_clock_enable
                0x0000000008001280       0x1a ../libopencm3/lib/libopencm3_stm32f1.a(rcc_common_all.o)
                0x0000000008001280                rcc_periph_clock_enable
 .text.rcc_periph_reset_pulse
                0x000000000800129a       0x22 ../libopencm3/lib/libopencm3_stm32f1.a(rcc_common_all.o)
                0x000000000800129a                rcc_periph_reset_pulse
 .text.flash_unlock
                0x00000000080012bc       0x24 ../libopencm3/lib/libopencm3_stm32f1.a(flash_common_f01.o)
                0x00000000080012bc                flash_unlock
 .text.flash_lock
                0x00000000080012e0       0x10 ../libopencm3/lib/libopencm3_stm32f1.a(flash_common_f01.o)
                0x00000000080012e0                flash_lock
 .text.flash_wait_for_last_operation
                0x00000000080012f0        0xc ../libopencm3/lib/libopencm3_stm32f1.a(flash_common_f01.o)
                0x00000000080012f0                flash_wait_for_last_operation
 .text.usbd_init
                0x00000000080012fc       0x68 ../libopencm3/lib/libopencm3_stm32f1.a(usb.o)
                0x00000000080012fc                usbd_init
 .text.usbd_register_extra_string
                0x0000000008001364       0x1a ../libopencm3/lib/libopencm3_stm32f1.a(usb.o)
                0x0000000008001364                usbd_register_extra_string
 .text.usbd_poll
                0x000000000800137e        0x8 ../libopencm3/lib/libopencm3_stm32f1.a(usb.o)
                0x000000000800137e                usbd_poll
 .text.usbd_ep_setup
                0x0000000008001386        0xe ../libopencm3/lib/libopencm3_stm32f1.a(usb.o)
                0x0000000008001386                usbd_ep_setup
 .text._usbd_reset
                0x0000000008001394       0x34 ../libopencm3/lib/libopencm3_stm32f1.a(usb.o)
                0x0000000008001394                _usbd_reset
 .text.usbd_ep_write_packet
                0x00000000080013c8        0xe ../libopencm3/lib/libopencm3_stm32f1.a(usb.o)
                0x00000000080013c8                usbd_ep_write_packet
 .text.usbd_ep_read_packet
                0x00000000080013d6        0xe ../libopencm3/lib/libopencm3_stm32f1.a(usb.o)
                0x00000000080013d6                usbd_ep_read_packet
 .text.usbd_ep_stall_set
                0x00000000080013e4        0x8 ../libopencm3/lib/libopencm3_stm32f1.a(usb.o)
                0x00000000080013e4                usbd_ep_stall_set
 .text.usbd_ep_stall_get
                0x00000000080013ec        0x8 ../libopencm3/lib/libopencm3_stm32f1.a(usb.o)
                0x00000000080013ec                usbd_ep_stall_get
 .text.stall_transaction
                0x00000000080013f4       0x14 ../libopencm3/lib/libopencm3_stm32f1.a(usb_control.o)
 .text.usb_control_recv_chunk
                0x0000000008001408       0x42 ../libopencm3/lib/libopencm3_stm32f1.a(usb_control.o)
 .text.usb_control_send_chunk
                0x000000000800144a       0x5c ../libopencm3/lib/libopencm3_stm32f1.a(usb_control.o)
 .text.usb_control_request_dispatch
                0x00000000080014a6       0x62 ../libopencm3/lib/libopencm3_stm32f1.a(usb_control.o)
 .text.usb_control_setup_read
                0x0000000008001508       0x6e ../libopencm3/lib/libopencm3_stm32f1.a(usb_control.o)
 .text.usbd_register_control_callback
                0x0000000008001576       0x26 ../libopencm3/lib/libopencm3_stm32f1.a(usb_control.o)
                0x0000000008001576                usbd_register_control_callback
 .text._usbd_control_setup
                0x000000000800159c       0x5c ../libopencm3/lib/libopencm3_stm32f1.a(usb_control.o)
                0x000000000800159c                _usbd_control_setup
 .text._usbd_control_out
                0x00000000080015f8       0x86 ../libopencm3/lib/libopencm3_stm32f1.a(usb_control.o)
                0x00000000080015f8                _usbd_control_out
 .text._usbd_control_in
                0x000000000800167e       0x56 ../libopencm3/lib/libopencm3_stm32f1.a(usb_control.o)
                0x000000000800167e                _usbd_control_in
 .text.usb_standard_set_configuration
                0x00000000080016d4       0x92 ../libopencm3/lib/libopencm3_stm32f1.a(usb_standard.o)
 .text.usb_standard_get_configuration
                0x0000000008001766       0x22 ../libopencm3/lib/libopencm3_stm32f1.a(usb_standard.o)
 .text.usb_standard_get_interface
                0x0000000008001788       0x34 ../libopencm3/lib/libopencm3_stm32f1.a(usb_standard.o)
 .text.usb_standard_interface_get_status
                0x00000000080017bc       0x18 ../libopencm3/lib/libopencm3_stm32f1.a(usb_standard.o)
 .text.usb_standard_endpoint_get_status
                0x00000000080017d4       0x2a ../libopencm3/lib/libopencm3_stm32f1.a(usb_standard.o)
 .text.usb_standard_endpoint_stall
                0x00000000080017fe       0x10 ../libopencm3/lib/libopencm3_stm32f1.a(usb_standard.o)
 .text.usb_standard_endpoint_unstall
                0x000000000800180e       0x10 ../libopencm3/lib/libopencm3_stm32f1.a(usb_standard.o)
 .text.usb_standard_set_address
                0x000000000800181e       0x28 ../libopencm3/lib/libopencm3_stm32f1.a(usb_standard.o)
 .text.usb_standard_set_interface
                0x0000000008001846       0x4a ../libopencm3/lib/libopencm3_stm32f1.a(usb_standard.o)
 .text.usb_standard_get_descriptor
                0x0000000008001890      0x32e ../libopencm3/lib/libopencm3_stm32f1.a(usb_standard.o)
 .text.usb_standard_device_get_status
                0x0000000008001bbe       0x18 ../libopencm3/lib/libopencm3_stm32f1.a(usb_standard.o)
 .text.usbd_register_set_config_callback
                0x0000000008001bd6       0x26 ../libopencm3/lib/libopencm3_stm32f1.a(usb_standard.o)
                0x0000000008001bd6                usbd_register_set_config_callback
 .text._usbd_standard_request_device
                0x0000000008001bfc       0x20 ../libopencm3/lib/libopencm3_stm32f1.a(usb_standard.o)
                0x0000000008001bfc                _usbd_standard_request_device
 .text._usbd_standard_request_interface
                0x0000000008001c1c       0x20 ../libopencm3/lib/libopencm3_stm32f1.a(usb_standard.o)
                0x0000000008001c1c                _usbd_standard_request_interface
 .text._usbd_standard_request_endpoint
                0x0000000008001c3c       0x3c ../libopencm3/lib/libopencm3_stm32f1.a(usb_standard.o)
                0x0000000008001c3c                _usbd_standard_request_endpoint
 .text._usbd_standard_request
                0x0000000008001c78       0x30 ../libopencm3/lib/libopencm3_stm32f1.a(usb_standard.o)
                0x0000000008001c78                _usbd_standard_request
 .text.st_usbfs_v1_usbd_init
                0x0000000008001ca8       0x30 ../libopencm3/lib/libopencm3_stm32f1.a(st_usbfs_v1.o)
 .text.st_usbfs_copy_to_pm
                0x0000000008001cd8       0x1a ../libopencm3/lib/libopencm3_stm32f1.a(st_usbfs_v1.o)
                0x0000000008001cd8                st_usbfs_copy_to_pm
 .text.st_usbfs_copy_from_pm
                0x0000000008001cf2       0x2a ../libopencm3/lib/libopencm3_stm32f1.a(st_usbfs_v1.o)
                0x0000000008001cf2                st_usbfs_copy_from_pm
 .text.blocking_handler
                0x0000000008001d1c        0x2 ../libopencm3/lib/libopencm3_stm32f1.a(vector.o)
                0x0000000008001d1c                usart3_isr
                0x0000000008001d1c                rtc_isr
                0x0000000008001d1c                tim7_isr
                0x0000000008001d1c                adc1_2_isr
                0x0000000008001d1c                tim1_trg_com_isr
                0x0000000008001d1c                usb_hp_can_tx_isr
                0x0000000008001d1c                tim6_isr
                0x0000000008001d1c                usb_wakeup_isr
                0x0000000008001d1c                blocking_handler
                0x0000000008001d1c                tim5_isr
                0x0000000008001d1c                otg_fs_isr
                0x0000000008001d1c                spi1_isr
                0x0000000008001d1c                exti2_isr
                0x0000000008001d1c                dma1_channel6_isr
                0x0000000008001d1c                can_rx1_isr
                0x0000000008001d1c                dma1_channel5_isr
                0x0000000008001d1c                dma2_channel5_isr
                0x0000000008001d1c                usart1_isr
                0x0000000008001d1c                usage_fault_handler
                0x0000000008001d1c                tim8_trg_com_isr
                0x0000000008001d1c                can2_rx0_isr
                0x0000000008001d1c                tim1_brk_isr
                0x0000000008001d1c                can2_rx1_isr
                0x0000000008001d1c                tim1_cc_isr
                0x0000000008001d1c                sdio_isr
                0x0000000008001d1c                eth_isr
                0x0000000008001d1c                dma1_channel4_isr
                0x0000000008001d1c                tim8_brk_isr
                0x0000000008001d1c                dma2_channel4_5_isr
                0x0000000008001d1c                pvd_isr
                0x0000000008001d1c                rcc_isr
                0x0000000008001d1c                flash_isr
                0x0000000008001d1c                uart4_isr
                0x0000000008001d1c                rtc_alarm_isr
                0x0000000008001d1c                exti15_10_isr
                0x0000000008001d1c                hard_fault_handler
                0x0000000008001d1c                exti1_isr
                0x0000000008001d1c                i2c1_ev_isr
                0x0000000008001d1c                dma2_channel1_isr
                0x0000000008001d1c                spi2_isr
                0x0000000008001d1c                tim8_up_isr
                0x0000000008001d1c                dma2_channel2_isr
                0x0000000008001d1c                exti3_isr
                0x0000000008001d1c                adc3_isr
                0x0000000008001d1c                tim3_isr
                0x0000000008001d1c                usart2_isr
                0x0000000008001d1c                usb_lp_can_rx0_isr
                0x0000000008001d1c                i2c2_er_isr
                0x0000000008001d1c                i2c2_ev_isr
                0x0000000008001d1c                uart5_isr
                0x0000000008001d1c                fsmc_isr
                0x0000000008001d1c                dma1_channel1_isr
                0x0000000008001d1c                exti4_isr
                0x0000000008001d1c                mem_manage_handler
                0x0000000008001d1c                can2_tx_isr
                0x0000000008001d1c                exti9_5_isr
                0x0000000008001d1c                dma2_channel3_isr
                0x0000000008001d1c                dma1_channel7_isr
                0x0000000008001d1c                tim1_up_isr
                0x0000000008001d1c                can2_sce_isr
                0x0000000008001d1c                tim4_isr
                0x0000000008001d1c                dma1_channel2_isr
                0x0000000008001d1c                i2c1_er_isr
                0x0000000008001d1c                can_sce_isr
                0x0000000008001d1c                tim8_cc_isr
                0x0000000008001d1c                tamper_isr
                0x0000000008001d1c                eth_wkup_isr
                0x0000000008001d1c                bus_fault_handler
                0x0000000008001d1c                wwdg_isr
                0x0000000008001d1c                dma1_channel3_isr
                0x0000000008001d1c                spi3_isr
                0x0000000008001d1c                tim2_isr
                0x0000000008001d1c                exti0_isr
 .text.null_handler
                0x0000000008001d1e        0x2 ../libopencm3/lib/libopencm3_stm32f1.a(vector.o)
                0x0000000008001d1e                null_handler
                0x0000000008001d1e                sv_call_handler
                0x0000000008001d1e                pend_sv_handler
                0x0000000008001d1e                debug_monitor_handler
                0x0000000008001d1e                sys_tick_handler
                0x0000000008001d1e                nmi_handler
 .text.reset_handler
                0x0000000008001d20       0x90 ../libopencm3/lib/libopencm3_stm32f1.a(vector.o)
                0x0000000008001d20                reset_handler
 .text.scb_reset_system
                0x0000000008001db0       0x10 ../libopencm3/lib/libopencm3_stm32f1.a(scb.o)
                0x0000000008001db0                scb_reset_system
 .text.st_usbfs_set_address
                0x0000000008001dc0       0x10 ../libopencm3/lib/libopencm3_stm32f1.a(st_usbfs_core.o)
                0x0000000008001dc0                st_usbfs_set_address
 .text.st_usbfs_set_ep_rx_bufsize
                0x0000000008001dd0       0x4c ../libopencm3/lib/libopencm3_stm32f1.a(st_usbfs_core.o)
                0x0000000008001dd0                st_usbfs_set_ep_rx_bufsize
 .text.st_usbfs_ep_setup
                0x0000000008001e1c      0x160 ../libopencm3/lib/libopencm3_stm32f1.a(st_usbfs_core.o)
                0x0000000008001e1c                st_usbfs_ep_setup
 .text.st_usbfs_endpoints_reset
                0x0000000008001f7c       0x44 ../libopencm3/lib/libopencm3_stm32f1.a(st_usbfs_core.o)
                0x0000000008001f7c                st_usbfs_endpoints_reset
 .text.st_usbfs_ep_stall_set
                0x0000000008001fc0       0xec ../libopencm3/lib/libopencm3_stm32f1.a(st_usbfs_core.o)
                0x0000000008001fc0                st_usbfs_ep_stall_set
 .text.st_usbfs_ep_stall_get
                0x00000000080020ac       0x38 ../libopencm3/lib/libopencm3_stm32f1.a(st_usbfs_core.o)
                0x00000000080020ac                st_usbfs_ep_stall_get
 .text.st_usbfs_ep_nak_set
                0x00000000080020e4       0x58 ../libopencm3/lib/libopencm3_stm32f1.a(st_usbfs_core.o)
                0x00000000080020e4                st_usbfs_ep_nak_set
 .text.st_usbfs_ep_write_packet
                0x000000000800213c       0x8c ../libopencm3/lib/libopencm3_stm32f1.a(st_usbfs_core.o)
                0x000000000800213c                st_usbfs_ep_write_packet
 .text.st_usbfs_ep_read_packet
                0x00000000080021c8       0xb8 ../libopencm3/lib/libopencm3_stm32f1.a(st_usbfs_core.o)
                0x00000000080021c8                st_usbfs_ep_read_packet
 .text.st_usbfs_poll
                0x0000000008002280       0xec ../libopencm3/lib/libopencm3_stm32f1.a(st_usbfs_core.o)
                0x0000000008002280                st_usbfs_poll
 .text          0x000000000800236c       0x60 /usr/lib/gcc/arm-none-eabi/6.3.1/../../../arm-none-eabi/lib/thumb/v7-m/libc.a(lib_a-memcmp.o)
                0x000000000800236c                memcmp
 .text          0x00000000080023cc       0xec /usr/lib/gcc/arm-none-eabi/6.3.1/../../../arm-none-eabi/lib/thumb/v7-m/libc.a(lib_a-memcpy.o)
                0x00000000080023cc                memcpy
 .text          0x00000000080024b8       0xc8 /usr/lib/gcc/arm-none-eabi/6.3.1/../../../arm-none-eabi/lib/thumb/v7-m/libc.a(lib_a-memmove.o)
                0x00000000080024b8                memmove
 .text          0x0000000008002580       0x9c /usr/lib/gcc/arm-none-eabi/6.3.1/../../../arm-none-eabi/lib/thumb/v7-m/libc.a(lib_a-memset.o)
                0x0000000008002580                memset
 .text          0x000000000800261c       0x5c /usr/lib/gcc/arm-none-eabi/6.3.1/../../../arm-none-eabi/lib/thumb/v7-m/libc.a(lib_a-strlen-stub.o)
                0x000000000800261c                strlen
 .text          0x0000000008002678       0x64 /usr/lib/gcc/arm-none-eabi/6.3.1/../../../arm-none-eabi/lib/thumb/v7-m/libc.a(lib_a-strncpy.o)
                0x0000000008002678                strncpy
                0x00000000080026dc                . = ALIGN (0x4)
 *(.rodata*)
 .rodata.main.str1.1
                0x00000000080026dc       0x21 build/CH32F203/dapboot.o
 .rodata.codal_vdmesg.str1.1
                0x00000000080026fd        0x9 build/CH32F203/dmesg.o
                                          0xb (size before relaxing)
 .rodata.logwriten.str1.1
                0x0000000008002706       0x16 build/CH32F203/dmesg.o
 .rodata.BootBlock
                0x000000000800271c       0x3e build/CH32F203/ghostfat.o
 .rodata.flushFlash.str1.1
                0x000000000800275a       0x1e build/CH32F203/ghostfat.o
 .rodata.indexFile
                0x0000000008002778       0x6e build/CH32F203/ghostfat.o
                0x0000000008002778                indexFile
 *fill*         0x00000000080027e6        0x2 
 .rodata.info   0x00000000080027e8       0x30 build/CH32F203/ghostfat.o
 .rodata.infoUf2File
                0x0000000008002818       0x45 build/CH32F203/ghostfat.o
                0x0000000008002818                infoUf2File
 .rodata.write_block.str1.1
                0x000000000800285d       0x23 build/CH32F203/ghostfat.o
 .rodata.bos    0x0000000008002880        0x9 build/CH32F203/usb_conf.o
 .rodata.config
                0x0000000008002889        0xd build/CH32F203/usb_conf.o
 .rodata.dev    0x0000000008002896       0x12 build/CH32F203/usb_conf.o
 .rodata.dfu_iface
                0x00000000080028a8       0x15 build/CH32F203/usb_conf.o
 *fill*         0x00000000080028bd        0x3 
 .rodata.interfaces
                0x00000000080028c0       0x20 build/CH32F203/usb_conf.o
 .rodata.msc_endp
                0x00000000080028e0       0x1e build/CH32F203/usb_conf.o
 .rodata.msc_iface
                0x00000000080028fe       0x15 build/CH32F203/usb_conf.o
 .rodata.str1.1
                0x0000000008002913       0x2e build/CH32F203/usb_conf.o
 .rodata._spc3_inquiry_response
                0x0000000008002941       0x24 build/CH32F203/usb_msc.o
 .rodata._spc3_request_sense
                0x0000000008002965       0x12 build/CH32F203/usb_msc.o
 .rodata.webusb_platform
                0x0000000008002977       0x18 build/CH32F203/webusb.o
                0x0000000008002977                webusb_platform
 .rodata.winusb_setup.str1.1
                0x000000000800298f        0x9 build/CH32F203/winusb.o
 .rodata.winusb_wcid
                0x0000000008002998       0x28 build/CH32F203/winusb.o
 .rodata.desig_get_unique_id_as_string.str1.1
                0x00000000080029c0       0x11 ../libopencm3/lib/libopencm3_stm32f1.a(desig.o)
 *fill*         0x00000000080029d1        0x3 
 .rodata.CSWTCH.26
                0x00000000080029d4       0x28 ../libopencm3/lib/libopencm3_stm32f1.a(usb_standard.o)
 .rodata.CSWTCH.28
                0x00000000080029fc       0x30 ../libopencm3/lib/libopencm3_stm32f1.a(usb_standard.o)
 .rodata.st_usbfs_v1_usb_driver
                0x0000000008002a2c       0x34 ../libopencm3/lib/libopencm3_stm32f1.a(st_usbfs_v1.o)
                0x0000000008002a2c                st_usbfs_v1_usb_driver
                0x0000000008002a60                . = ALIGN (0x4)

.glue_7         0x0000000008002a60        0x0
 .glue_7        0x0000000008002a60        0x0 linker stubs

.glue_7t        0x0000000008002a60        0x0
 .glue_7t       0x0000000008002a60        0x0 linker stubs

.vfp11_veneer   0x0000000008002a60        0x0
 .vfp11_veneer  0x0000000008002a60        0x0 linker stubs

.v4_bx          0x0000000008002a60        0x0
 .v4_bx         0x0000000008002a60        0x0 linker stubs

.iplt           0x0000000008002a60        0x0
 .iplt          0x0000000008002a60        0x0 build/CH32F203/./stm32f103/backup.o

.rel.dyn        0x0000000008002a60        0x0
 .rel.iplt      0x0000000008002a60        0x0 build/CH32F203/./stm32f103/backup.o

.preinit_array  0x0000000008002a60        0x0
                0x0000000008002a60                . = ALIGN (0x4)
                0x0000000008002a60                __preinit_array_start = .
 *(.preinit_array)
                0x0000000008002a60                __preinit_array_end = .

.init_array     0x0000000008002a60        0x0
                0x0000000008002a60                . = ALIGN (0x4)
                0x0000000008002a60                __init_array_start = .
 *(SORT(.init_array.*))
 *(.init_array)
                0x0000000008002a60                __init_array_end = .

.fini_array     0x0000000008002a60        0x0
                0x0000000008002a60                . = ALIGN (0x4)
                0x0000000008002a60                __fini_array_start = .
 *(.fini_array)
 *(SORT(.fini_array.*))
                0x0000000008002a60                __fini_array_end = .

.ARM.extab
 *(.ARM.extab*)

.ARM.exidx      0x0000000008002a60        0x0
                0x0000000008002a60                __exidx_start = .
 *(.ARM.exidx*)
                0x0000000008002a60                __exidx_end = .
                0x0000000008002a60                . = ALIGN (0x4)
                0x0000000008002a60                _etext = .

.data           0x0000000020000000       0x1c load address 0x0000000008002a60
                0x0000000020000000                _data = .
 *(.data*)
 .data.firstFlush
                0x0000000020000000        0x1 build/CH32F203/ghostfat.o
 *fill*         0x0000000020000001        0x3 
 .data.flashAddr
                0x0000000020000004        0x4 build/CH32F203/ghostfat.o
 .data.capabilities
                0x0000000020000008        0x4 build/CH32F203/usb_conf.o
 .data.usb_strings
                0x000000002000000c       0x10 build/CH32F203/usb_conf.o
                0x000000002000001c                . = ALIGN (0x4)
                0x000000002000001c                _edata = .
                0x0000000008002a60                _data_loadaddr = LOADADDR (.data)

.igot.plt       0x000000002000001c        0x0 load address 0x0000000008002a7c
 .igot.plt      0x000000002000001c        0x0 build/CH32F203/./stm32f103/backup.o

.bss            0x000000002000001c     0x1018 load address 0x0000000008002a7c
 *(.bss*)
 .bss.erase_end.5402
                0x000000002000001c        0x4 build/CH32F203/./stm32f103/target_stm32f103.o
 .bss.erase_start.5401
                0x0000000020000020        0x4 build/CH32F203/./stm32f103/target_stm32f103.o
 .bss.msTimer   0x0000000020000024        0x4 build/CH32F203/dapboot.o
                0x0000000020000024                msTimer
 .bss.codalLogStore
                0x0000000020000028      0x404 build/CH32F203/dmesg.o
                0x0000000020000028                codalLogStore
 .bss.flashBuf  0x000000002000042c      0x400 build/CH32F203/ghostfat.o
 .bss.lastFlush
                0x000000002000082c        0x4 build/CH32F203/ghostfat.o
 .bss.ms        0x0000000020000830        0x4 build/CH32F203/ghostfat.o
 .bss.resetTime
                0x0000000020000834        0x4 build/CH32F203/ghostfat.o
 .bss.wrState   0x0000000020000838       0x58 build/CH32F203/ghostfat.o
                0x0000000020000838                wrState
 .bss.serial_number
                0x0000000020000890       0x19 build/CH32F203/usb_conf.o
 *fill*         0x00000000200008a9        0x1 
 .bss.usbd_control_buffer
                0x00000000200008aa      0x400 build/CH32F203/usb_conf.o
 *fill*         0x0000000020000caa        0x2 
 .bss._mass_storage
                0x0000000020000cac      0x274 build/CH32F203/usb_msc.o
 .bss.msc_started
                0x0000000020000f20        0x4 build/CH32F203/usb_msc.o
                0x0000000020000f20                msc_started
 .bss.st_usbfs_dev
                0x0000000020000f24      0x108 ../libopencm3/lib/libopencm3_stm32f1.a(st_usbfs_core.o)
                0x0000000020000f24                st_usbfs_dev
 .bss.st_usbfs_force_nak
                0x000000002000102c        0x8 ../libopencm3/lib/libopencm3_stm32f1.a(st_usbfs_core.o)
                0x000000002000102c                st_usbfs_force_nak
 *(COMMON)
                0x0000000020001034                . = ALIGN (0x4)
                0x0000000020001034                _ebss = .

/DISCARD/
 *(.eh_frame)
                0x0000000020001034                . = ALIGN (0x4)
                0x0000000020001034                end = .
                0x0000000020005000                PROVIDE (_stack, (ORIGIN (ram) + LENGTH (ram)))
OUTPUT(build/CH32F203/uf2boot.elf elf32-littlearm)

.debug_info     0x0000000000000000    0x13aed
 .debug_info    0x0000000000000000      0x12a build/CH32F203/./stm32f103/backup.o
 .debug_info    0x000000000000012a     0x1214 build/CH32F203/./stm32f103/target_stm32f103.o
 .debug_info    0x000000000000133e      0xd85 build/CH32F203/dapboot.o
 .debug_info    0x00000000000020c3      0xe86 build/CH32F203/dmesg.o
 .debug_info    0x0000000000002f49      0x92b build/CH32F203/dummy.o
 .debug_info    0x0000000000003874     0x1409 build/CH32F203/ghostfat.o
 .debug_info    0x0000000000004c7d      0xf7a build/CH32F203/usb_conf.o
 .debug_info    0x0000000000005bf7     0x23b8 build/CH32F203/usb_msc.o
 .debug_info    0x0000000000007faf      0x184 build/CH32F203/webusb.o
 .debug_info    0x0000000000008133      0x4bc build/CH32F203/winusb.o
 .debug_info    0x00000000000085ef      0x1bf ../libopencm3/lib/libopencm3_stm32f1.a(desig.o)
 .debug_info    0x00000000000087ae      0x2ab ../libopencm3/lib/libopencm3_stm32f1.a(flash.o)
 .debug_info    0x0000000000008a59      0x1dd ../libopencm3/lib/libopencm3_stm32f1.a(gpio.o)
 .debug_info    0x0000000000008c36      0x22c ../libopencm3/lib/libopencm3_stm32f1.a(gpio_common_all.o)
 .debug_info    0x0000000000008e62      0x570 ../libopencm3/lib/libopencm3_stm32f1.a(rcc_common_all.o)
 .debug_info    0x00000000000093d2      0x278 ../libopencm3/lib/libopencm3_stm32f1.a(flash_common_f01.o)
 .debug_info    0x000000000000964a     0x16e8 ../libopencm3/lib/libopencm3_stm32f1.a(usb.o)
 .debug_info    0x000000000000ad32     0x17d8 ../libopencm3/lib/libopencm3_stm32f1.a(usb_control.o)
 .debug_info    0x000000000000c50a     0x1eab ../libopencm3/lib/libopencm3_stm32f1.a(usb_standard.o)
 .debug_info    0x000000000000e3b5      0xd57 ../libopencm3/lib/libopencm3_stm32f1.a(st_usbfs_v1.o)
 .debug_info    0x000000000000f10c      0x2a8 ../libopencm3/lib/libopencm3_stm32f1.a(vector.o)
 .debug_info    0x000000000000f3b4      0x8f2 ../libopencm3/lib/libopencm3_stm32f1.a(scb.o)
 .debug_info    0x000000000000fca6     0x1040 ../libopencm3/lib/libopencm3_stm32f1.a(st_usbfs_core.o)
 .debug_info    0x0000000000010ce6      0x919 /usr/lib/gcc/arm-none-eabi/6.3.1/../../../arm-none-eabi/lib/thumb/v7-m/libc.a(lib_a-memcmp.o)
 .debug_info    0x00000000000115ff       0xc8 /usr/lib/gcc/arm-none-eabi/6.3.1/../../../arm-none-eabi/lib/thumb/v7-m/libc.a(lib_a-memcpy.o)
 .debug_info    0x00000000000116c7      0x92a /usr/lib/gcc/arm-none-eabi/6.3.1/../../../arm-none-eabi/lib/thumb/v7-m/libc.a(lib_a-memmove.o)
 .debug_info    0x0000000000011ff1      0x91b /usr/lib/gcc/arm-none-eabi/6.3.1/../../../arm-none-eabi/lib/thumb/v7-m/libc.a(lib_a-memset.o)
 .debug_info    0x000000000001290c      0x8b6 /usr/lib/gcc/arm-none-eabi/6.3.1/../../../arm-none-eabi/lib/thumb/v7-m/libc.a(lib_a-strlen-stub.o)
 .debug_info    0x00000000000131c2      0x92b /usr/lib/gcc/arm-none-eabi/6.3.1/../../../arm-none-eabi/lib/thumb/v7-m/libc.a(lib_a-strncpy.o)

.debug_abbrev   0x0000000000000000     0x3b6e
 .debug_abbrev  0x0000000000000000       0xc3 build/CH32F203/./stm32f103/backup.o
 .debug_abbrev  0x00000000000000c3      0x3ac build/CH32F203/./stm32f103/target_stm32f103.o
 .debug_abbrev  0x000000000000046f      0x2bd build/CH32F203/dapboot.o
 .debug_abbrev  0x000000000000072c      0x399 build/CH32F203/dmesg.o
 .debug_abbrev  0x0000000000000ac5      0x1f2 build/CH32F203/dummy.o
 .debug_abbrev  0x0000000000000cb7      0x447 build/CH32F203/ghostfat.o
 .debug_abbrev  0x00000000000010fe      0x251 build/CH32F203/usb_conf.o
 .debug_abbrev  0x000000000000134f      0x453 build/CH32F203/usb_msc.o
 .debug_abbrev  0x00000000000017a2       0x91 build/CH32F203/webusb.o
 .debug_abbrev  0x0000000000001833      0x1c1 build/CH32F203/winusb.o
 .debug_abbrev  0x00000000000019f4       0xf2 ../libopencm3/lib/libopencm3_stm32f1.a(desig.o)
 .debug_abbrev  0x0000000000001ae6      0x11a ../libopencm3/lib/libopencm3_stm32f1.a(flash.o)
 .debug_abbrev  0x0000000000001c00       0xb7 ../libopencm3/lib/libopencm3_stm32f1.a(gpio.o)
 .debug_abbrev  0x0000000000001cb7       0xf4 ../libopencm3/lib/libopencm3_stm32f1.a(gpio_common_all.o)
 .debug_abbrev  0x0000000000001dab      0x11f ../libopencm3/lib/libopencm3_stm32f1.a(rcc_common_all.o)
 .debug_abbrev  0x0000000000001eca       0xcd ../libopencm3/lib/libopencm3_stm32f1.a(flash_common_f01.o)
 .debug_abbrev  0x0000000000001f97      0x2a2 ../libopencm3/lib/libopencm3_stm32f1.a(usb.o)
 .debug_abbrev  0x0000000000002239      0x3d0 ../libopencm3/lib/libopencm3_stm32f1.a(usb_control.o)
 .debug_abbrev  0x0000000000002609      0x4b6 ../libopencm3/lib/libopencm3_stm32f1.a(usb_standard.o)
 .debug_abbrev  0x0000000000002abf      0x210 ../libopencm3/lib/libopencm3_stm32f1.a(st_usbfs_v1.o)
 .debug_abbrev  0x0000000000002ccf      0x12b ../libopencm3/lib/libopencm3_stm32f1.a(vector.o)
 .debug_abbrev  0x0000000000002dfa      0x1cd ../libopencm3/lib/libopencm3_stm32f1.a(scb.o)
 .debug_abbrev  0x0000000000002fc7      0x2bf ../libopencm3/lib/libopencm3_stm32f1.a(st_usbfs_core.o)
 .debug_abbrev  0x0000000000003286      0x1b4 /usr/lib/gcc/arm-none-eabi/6.3.1/../../../arm-none-eabi/lib/thumb/v7-m/libc.a(lib_a-memcmp.o)
 .debug_abbrev  0x000000000000343a       0x14 /usr/lib/gcc/arm-none-eabi/6.3.1/../../../arm-none-eabi/lib/thumb/v7-m/libc.a(lib_a-memcpy.o)
 .debug_abbrev  0x000000000000344e      0x1d2 /usr/lib/gcc/arm-none-eabi/6.3.1/../../../arm-none-eabi/lib/thumb/v7-m/libc.a(lib_a-memmove.o)
 .debug_abbrev  0x0000000000003620      0x1cd /usr/lib/gcc/arm-none-eabi/6.3.1/../../../arm-none-eabi/lib/thumb/v7-m/libc.a(lib_a-memset.o)
 .debug_abbrev  0x00000000000037ed      0x19e /usr/lib/gcc/arm-none-eabi/6.3.1/../../../arm-none-eabi/lib/thumb/v7-m/libc.a(lib_a-strlen-stub.o)
 .debug_abbrev  0x000000000000398b      0x1e3 /usr/lib/gcc/arm-none-eabi/6.3.1/../../../arm-none-eabi/lib/thumb/v7-m/libc.a(lib_a-strncpy.o)

.debug_loc      0x0000000000000000     0x5104
 .debug_loc     0x0000000000000000       0x21 build/CH32F203/./stm32f103/backup.o
 .debug_loc     0x0000000000000021      0x1e1 build/CH32F203/./stm32f103/target_stm32f103.o
 .debug_loc     0x0000000000000202       0xec build/CH32F203/dapboot.o
 .debug_loc     0x00000000000002ee      0x4a4 build/CH32F203/dmesg.o
 .debug_loc     0x0000000000000792      0x5ad build/CH32F203/ghostfat.o
 .debug_loc     0x0000000000000d3f       0x3f build/CH32F203/usb_conf.o
 .debug_loc     0x0000000000000d7e      0xdac build/CH32F203/usb_msc.o
 .debug_loc     0x0000000000001b2a      0x186 build/CH32F203/winusb.o
 .debug_loc     0x0000000000001cb0       0xc0 ../libopencm3/lib/libopencm3_stm32f1.a(desig.o)
 .debug_loc     0x0000000000001d70       0x80 ../libopencm3/lib/libopencm3_stm32f1.a(flash.o)
 .debug_loc     0x0000000000001df0      0x172 ../libopencm3/lib/libopencm3_stm32f1.a(gpio.o)
 .debug_loc     0x0000000000001f62       0x97 ../libopencm3/lib/libopencm3_stm32f1.a(gpio_common_all.o)
 .debug_loc     0x0000000000001ff9      0x108 ../libopencm3/lib/libopencm3_stm32f1.a(rcc_common_all.o)
 .debug_loc     0x0000000000002101       0xd3 ../libopencm3/lib/libopencm3_stm32f1.a(flash_common_f01.o)
 .debug_loc     0x00000000000021d4      0x4d1 ../libopencm3/lib/libopencm3_stm32f1.a(usb.o)
 .debug_loc     0x00000000000026a5      0x5ff ../libopencm3/lib/libopencm3_stm32f1.a(usb_control.o)
 .debug_loc     0x0000000000002ca4     0x1308 ../libopencm3/lib/libopencm3_stm32f1.a(usb_standard.o)
 .debug_loc     0x0000000000003fac      0x15e ../libopencm3/lib/libopencm3_stm32f1.a(st_usbfs_v1.o)
 .debug_loc     0x000000000000410a       0xea ../libopencm3/lib/libopencm3_stm32f1.a(vector.o)
 .debug_loc     0x00000000000041f4       0x21 ../libopencm3/lib/libopencm3_stm32f1.a(scb.o)
 .debug_loc     0x0000000000004215      0x7dc ../libopencm3/lib/libopencm3_stm32f1.a(st_usbfs_core.o)
 .debug_loc     0x00000000000049f1      0x18a /usr/lib/gcc/arm-none-eabi/6.3.1/../../../arm-none-eabi/lib/thumb/v7-m/libc.a(lib_a-memcmp.o)
 .debug_loc     0x0000000000004b7b      0x281 /usr/lib/gcc/arm-none-eabi/6.3.1/../../../arm-none-eabi/lib/thumb/v7-m/libc.a(lib_a-memmove.o)
 .debug_loc     0x0000000000004dfc      0x1bd /usr/lib/gcc/arm-none-eabi/6.3.1/../../../arm-none-eabi/lib/thumb/v7-m/libc.a(lib_a-memset.o)
 .debug_loc     0x0000000000004fb9       0x21 /usr/lib/gcc/arm-none-eabi/6.3.1/../../../arm-none-eabi/lib/thumb/v7-m/libc.a(lib_a-strlen-stub.o)
 .debug_loc     0x0000000000004fda      0x12a /usr/lib/gcc/arm-none-eabi/6.3.1/../../../arm-none-eabi/lib/thumb/v7-m/libc.a(lib_a-strncpy.o)

.debug_aranges  0x0000000000000000      0x798
 .debug_aranges
                0x0000000000000000       0x28 build/CH32F203/./stm32f103/backup.o
 .debug_aranges
                0x0000000000000028       0x80 build/CH32F203/./stm32f103/target_stm32f103.o
 .debug_aranges
                0x00000000000000a8       0x30 build/CH32F203/dapboot.o
 .debug_aranges
                0x00000000000000d8       0x40 build/CH32F203/dmesg.o
 .debug_aranges
                0x0000000000000118       0x38 build/CH32F203/dummy.o
 .debug_aranges
                0x0000000000000150       0x38 build/CH32F203/ghostfat.o
 .debug_aranges
                0x0000000000000188       0x28 build/CH32F203/usb_conf.o
 .debug_aranges
                0x00000000000001b0       0x48 build/CH32F203/usb_msc.o
 .debug_aranges
                0x00000000000001f8       0x18 build/CH32F203/webusb.o
 .debug_aranges
                0x0000000000000210       0x30 build/CH32F203/winusb.o
 .debug_aranges
                0x0000000000000240       0x30 ../libopencm3/lib/libopencm3_stm32f1.a(desig.o)
 .debug_aranges
                0x0000000000000270       0x80 ../libopencm3/lib/libopencm3_stm32f1.a(flash.o)
 .debug_aranges
                0x00000000000002f0       0x38 ../libopencm3/lib/libopencm3_stm32f1.a(gpio.o)
 .debug_aranges
                0x0000000000000328       0x50 ../libopencm3/lib/libopencm3_stm32f1.a(gpio_common_all.o)
 .debug_aranges
                0x0000000000000378       0x58 ../libopencm3/lib/libopencm3_stm32f1.a(rcc_common_all.o)
 .debug_aranges
                0x00000000000003d0       0x88 ../libopencm3/lib/libopencm3_stm32f1.a(flash_common_f01.o)
 .debug_aranges
                0x0000000000000458       0x90 ../libopencm3/lib/libopencm3_stm32f1.a(usb.o)
 .debug_aranges
                0x00000000000004e8       0x60 ../libopencm3/lib/libopencm3_stm32f1.a(usb_control.o)
 .debug_aranges
                0x0000000000000548       0x98 ../libopencm3/lib/libopencm3_stm32f1.a(usb_standard.o)
 .debug_aranges
                0x00000000000005e0       0x30 ../libopencm3/lib/libopencm3_stm32f1.a(st_usbfs_v1.o)
 .debug_aranges
                0x0000000000000610       0x30 ../libopencm3/lib/libopencm3_stm32f1.a(vector.o)
 .debug_aranges
                0x0000000000000640       0x30 ../libopencm3/lib/libopencm3_stm32f1.a(scb.o)
 .debug_aranges
                0x0000000000000670       0x68 ../libopencm3/lib/libopencm3_stm32f1.a(st_usbfs_core.o)
 .debug_aranges
                0x00000000000006d8       0x20 /usr/lib/gcc/arm-none-eabi/6.3.1/../../../arm-none-eabi/lib/thumb/v7-m/libc.a(lib_a-memcmp.o)
 .debug_aranges
                0x00000000000006f8       0x20 /usr/lib/gcc/arm-none-eabi/6.3.1/../../../arm-none-eabi/lib/thumb/v7-m/libc.a(lib_a-memcpy.o)
 .debug_aranges
                0x0000000000000718       0x20 /usr/lib/gcc/arm-none-eabi/6.3.1/../../../arm-none-eabi/lib/thumb/v7-m/libc.a(lib_a-memmove.o)
 .debug_aranges
                0x0000000000000738       0x20 /usr/lib/gcc/arm-none-eabi/6.3.1/../../../arm-none-eabi/lib/thumb/v7-m/libc.a(lib_a-memset.o)
 .debug_aranges
                0x0000000000000758       0x20 /usr/lib/gcc/arm-none-eabi/6.3.1/../../../arm-none-eabi/lib/thumb/v7-m/libc.a(lib_a-strlen-stub.o)
 .debug_aranges
                0x0000000000000778       0x20 /usr/lib/gcc/arm-none-eabi/6.3.1/../../../arm-none-eabi/lib/thumb/v7-m/libc.a(lib_a-strncpy.o)

.debug_ranges   0x0000000000000000      0x940
 .debug_ranges  0x0000000000000000       0x18 build/CH32F203/./stm32f103/backup.o
 .debug_ranges  0x0000000000000018       0x88 build/CH32F203/./stm32f103/target_stm32f103.o
 .debug_ranges  0x00000000000000a0       0x20 build/CH32F203/dapboot.o
 .debug_ranges  0x00000000000000c0       0xb8 build/CH32F203/dmesg.o
 .debug_ranges  0x0000000000000178       0x28 build/CH32F203/dummy.o
 .debug_ranges  0x00000000000001a0      0x128 build/CH32F203/ghostfat.o
 .debug_ranges  0x00000000000002c8       0x18 build/CH32F203/usb_conf.o
 .debug_ranges  0x00000000000002e0      0x108 build/CH32F203/usb_msc.o
 .debug_ranges  0x00000000000003e8       0x20 build/CH32F203/winusb.o
 .debug_ranges  0x0000000000000408       0x20 ../libopencm3/lib/libopencm3_stm32f1.a(desig.o)
 .debug_ranges  0x0000000000000428       0x70 ../libopencm3/lib/libopencm3_stm32f1.a(flash.o)
 .debug_ranges  0x0000000000000498       0x28 ../libopencm3/lib/libopencm3_stm32f1.a(gpio.o)
 .debug_ranges  0x00000000000004c0       0x40 ../libopencm3/lib/libopencm3_stm32f1.a(gpio_common_all.o)
 .debug_ranges  0x0000000000000500       0x48 ../libopencm3/lib/libopencm3_stm32f1.a(rcc_common_all.o)
 .debug_ranges  0x0000000000000548       0x78 ../libopencm3/lib/libopencm3_stm32f1.a(flash_common_f01.o)
 .debug_ranges  0x00000000000005c0       0x80 ../libopencm3/lib/libopencm3_stm32f1.a(usb.o)
 .debug_ranges  0x0000000000000640       0x70 ../libopencm3/lib/libopencm3_stm32f1.a(usb_control.o)
 .debug_ranges  0x00000000000006b0      0x100 ../libopencm3/lib/libopencm3_stm32f1.a(usb_standard.o)
 .debug_ranges  0x00000000000007b0       0x20 ../libopencm3/lib/libopencm3_stm32f1.a(st_usbfs_v1.o)
 .debug_ranges  0x00000000000007d0       0x20 ../libopencm3/lib/libopencm3_stm32f1.a(vector.o)
 .debug_ranges  0x00000000000007f0       0x20 ../libopencm3/lib/libopencm3_stm32f1.a(scb.o)
 .debug_ranges  0x0000000000000810      0x120 ../libopencm3/lib/libopencm3_stm32f1.a(st_usbfs_core.o)
 .debug_ranges  0x0000000000000930       0x10 /usr/lib/gcc/arm-none-eabi/6.3.1/../../../arm-none-eabi/lib/thumb/v7-m/libc.a(lib_a-strlen-stub.o)

.debug_line     0x0000000000000000     0x441e
 .debug_line    0x0000000000000000       0xec build/CH32F203/./stm32f103/backup.o
 .debug_line    0x00000000000000ec      0x38e build/CH32F203/./stm32f103/target_stm32f103.o
 .debug_line    0x000000000000047a      0x22c build/CH32F203/dapboot.o
 .debug_line    0x00000000000006a6      0x246 build/CH32F203/dmesg.o
 .debug_line    0x00000000000008ec      0x124 build/CH32F203/dummy.o
 .debug_line    0x0000000000000a10      0x28f build/CH32F203/ghostfat.o
 .debug_line    0x0000000000000c9f      0x18f build/CH32F203/usb_conf.o
 .debug_line    0x0000000000000e2e      0x37a build/CH32F203/usb_msc.o
 .debug_line    0x00000000000011a8       0xca build/CH32F203/webusb.o
 .debug_line    0x0000000000001272      0x116 build/CH32F203/winusb.o
 .debug_line    0x0000000000001388      0x222 ../libopencm3/lib/libopencm3_stm32f1.a(desig.o)
 .debug_line    0x00000000000015aa      0x339 ../libopencm3/lib/libopencm3_stm32f1.a(flash.o)
 .debug_line    0x00000000000018e3      0x25f ../libopencm3/lib/libopencm3_stm32f1.a(gpio.o)
 .debug_line    0x0000000000001b42      0x295 ../libopencm3/lib/libopencm3_stm32f1.a(gpio_common_all.o)
 .debug_line    0x0000000000001dd7      0x29a ../libopencm3/lib/libopencm3_stm32f1.a(rcc_common_all.o)
 .debug_line    0x0000000000002071      0x320 ../libopencm3/lib/libopencm3_stm32f1.a(flash_common_f01.o)
 .debug_line    0x0000000000002391      0x356 ../libopencm3/lib/libopencm3_stm32f1.a(usb.o)
 .debug_line    0x00000000000026e7      0x388 ../libopencm3/lib/libopencm3_stm32f1.a(usb_control.o)
 .debug_line    0x0000000000002a6f      0x4fd ../libopencm3/lib/libopencm3_stm32f1.a(usb_standard.o)
 .debug_line    0x0000000000002f6c      0x32a ../libopencm3/lib/libopencm3_stm32f1.a(st_usbfs_v1.o)
 .debug_line    0x0000000000003296      0x2ab ../libopencm3/lib/libopencm3_stm32f1.a(vector.o)
 .debug_line    0x0000000000003541      0x222 ../libopencm3/lib/libopencm3_stm32f1.a(scb.o)
 .debug_line    0x0000000000003763      0x4e3 ../libopencm3/lib/libopencm3_stm32f1.a(st_usbfs_core.o)
 .debug_line    0x0000000000003c46      0x166 /usr/lib/gcc/arm-none-eabi/6.3.1/../../../arm-none-eabi/lib/thumb/v7-m/libc.a(lib_a-memcmp.o)
 .debug_line    0x0000000000003dac       0xbe /usr/lib/gcc/arm-none-eabi/6.3.1/../../../arm-none-eabi/lib/thumb/v7-m/libc.a(lib_a-memcpy.o)
 .debug_line    0x0000000000003e6a      0x185 /usr/lib/gcc/arm-none-eabi/6.3.1/../../../arm-none-eabi/lib/thumb/v7-m/libc.a(lib_a-memmove.o)
 .debug_line    0x0000000000003fef      0x176 /usr/lib/gcc/arm-none-eabi/6.3.1/../../../arm-none-eabi/lib/thumb/v7-m/libc.a(lib_a-memset.o)
 .debug_line    0x0000000000004165      0x152 /usr/lib/gcc/arm-none-eabi/6.3.1/../../../arm-none-eabi/lib/thumb/v7-m/libc.a(lib_a-strlen-stub.o)
 .debug_line    0x00000000000042b7      0x167 /usr/lib/gcc/arm-none-eabi/6.3.1/../../../arm-none-eabi/lib/thumb/v7-m/libc.a(lib_a-strncpy.o)

.debug_str      0x0000000000000000    0x14232
 .debug_str     0x0000000000000000      0x14f build/CH32F203/./stm32f103/backup.o
                                        0x1e2 (size before relaxing)
 .debug_str     0x000000000000014f      0xa9a build/CH32F203/./stm32f103/target_stm32f103.o
                                        0xd4b (size before relaxing)
 .debug_str     0x0000000000000be9      0x242 build/CH32F203/dapboot.o
                                        0x909 (size before relaxing)
 .debug_str     0x0000000000000e2b       0xfa build/CH32F203/dmesg.o
                                        0x660 (size before relaxing)
 .debug_str     0x0000000000000f25       0x13 build/CH32F203/dummy.o
                                        0x5aa (size before relaxing)
 .debug_str     0x0000000000000f38      0x34e build/CH32F203/ghostfat.o
                                        0xa3e (size before relaxing)
 .debug_str     0x0000000000001286      0x35e build/CH32F203/usb_conf.o
                                        0xa73 (size before relaxing)
 .debug_str     0x00000000000015e4      0x9e9 build/CH32F203/usb_msc.o
                                       0x14cd (size before relaxing)
 .debug_str     0x0000000000001fcd        0x9 build/CH32F203/webusb.o
                                        0x296 (size before relaxing)
 .debug_str     0x0000000000001fd6       0xf7 build/CH32F203/winusb.o
                                        0x450 (size before relaxing)
 .debug_str     0x00000000000020cd     0x4361 ../libopencm3/lib/libopencm3_stm32f1.a(desig.o)
                                       0x454e (size before relaxing)
 .debug_str     0x000000000000642e      0x8d7 ../libopencm3/lib/libopencm3_stm32f1.a(flash.o)
                                       0x4dcd (size before relaxing)
 .debug_str     0x0000000000006d05     0x380a ../libopencm3/lib/libopencm3_stm32f1.a(gpio.o)
                                       0x7c99 (size before relaxing)
 .debug_str     0x000000000000a50f       0x6c ../libopencm3/lib/libopencm3_stm32f1.a(gpio_common_all.o)
                                       0x7c8d (size before relaxing)
 .debug_str     0x000000000000a57b     0x24f7 ../libopencm3/lib/libopencm3_stm32f1.a(rcc_common_all.o)
                                       0x6dd7 (size before relaxing)
 .debug_str     0x000000000000ca72       0xc6 ../libopencm3/lib/libopencm3_stm32f1.a(flash_common_f01.o)
                                       0x4d40 (size before relaxing)
 .debug_str     0x000000000000cb38     0x3456 ../libopencm3/lib/libopencm3_stm32f1.a(usb.o)
                                       0x782a (size before relaxing)
 .debug_str     0x000000000000ff8e      0x1e7 ../libopencm3/lib/libopencm3_stm32f1.a(usb_control.o)
                                       0x78e8 (size before relaxing)
 .debug_str     0x0000000000010175      0x2b1 ../libopencm3/lib/libopencm3_stm32f1.a(usb_standard.o)
                                       0x79d9 (size before relaxing)
 .debug_str     0x0000000000010426     0x161f ../libopencm3/lib/libopencm3_stm32f1.a(st_usbfs_v1.o)
                                       0x91e8 (size before relaxing)
 .debug_str     0x0000000000011a45     0x2424 ../libopencm3/lib/libopencm3_stm32f1.a(vector.o)
                                       0x5deb (size before relaxing)
 .debug_str     0x0000000000013e69       0x42 ../libopencm3/lib/libopencm3_stm32f1.a(scb.o)
                                       0x79c3 (size before relaxing)
 .debug_str     0x0000000000013eab      0x123 ../libopencm3/lib/libopencm3_stm32f1.a(st_usbfs_core.o)
                                       0x910e (size before relaxing)
 .debug_str     0x0000000000013fce       0xe7 /usr/lib/gcc/arm-none-eabi/6.3.1/../../../arm-none-eabi/lib/thumb/v7-m/libc.a(lib_a-memcmp.o)
                                        0x568 (size before relaxing)
 .debug_str     0x00000000000140b5       0x63 /usr/lib/gcc/arm-none-eabi/6.3.1/../../../arm-none-eabi/lib/thumb/v7-m/libc.a(lib_a-memmove.o)
                                        0x59b (size before relaxing)
 .debug_str     0x0000000000014118       0x3e /usr/lib/gcc/arm-none-eabi/6.3.1/../../../arm-none-eabi/lib/thumb/v7-m/libc.a(lib_a-memset.o)
                                        0x57c (size before relaxing)
 .debug_str     0x0000000000014156       0xa0 /usr/lib/gcc/arm-none-eabi/6.3.1/../../../arm-none-eabi/lib/thumb/v7-m/libc.a(lib_a-strlen-stub.o)
                                        0x57a (size before relaxing)
 .debug_str     0x00000000000141f6       0x3c /usr/lib/gcc/arm-none-eabi/6.3.1/../../../arm-none-eabi/lib/thumb/v7-m/libc.a(lib_a-strncpy.o)
                                        0x592 (size before relaxing)

.comment        0x0000000000000000       0x31
 .comment       0x0000000000000000       0x31 build/CH32F203/./stm32f103/backup.o
                                         0x32 (size before relaxing)
 .comment       0x0000000000000031       0x32 build/CH32F203/./stm32f103/target_stm32f103.o
 .comment       0x0000000000000031       0x32 build/CH32F203/dapboot.o
 .comment       0x0000000000000031       0x32 build/CH32F203/dmesg.o
 .comment       0x0000000000000031       0x32 build/CH32F203/dummy.o
 .comment       0x0000000000000031       0x32 build/CH32F203/ghostfat.o
 .comment       0x0000000000000031       0x32 build/CH32F203/usb_conf.o
 .comment       0x0000000000000031       0x32 build/CH32F203/usb_msc.o
 .comment       0x0000000000000031       0x32 build/CH32F203/webusb.o
 .comment       0x0000000000000031       0x32 build/CH32F203/winusb.o
 .comment       0x0000000000000031       0x32 ../libopencm3/lib/libopencm3_stm32f1.a(desig.o)
 .comment       0x0000000000000031       0x32 ../libopencm3/lib/libopencm3_stm32f1.a(flash.o)
 .comment       0x0000000000000031       0x32 ../libopencm3/lib/libopencm3_stm32f1.a(gpio.o)
 .comment       0x0000000000000031       0x32 ../libopencm3/lib/libopencm3_stm32f1.a(gpio_common_all.o)
 .comment       0x0000000000000031       0x32 ../libopencm3/lib/libopencm3_stm32f1.a(rcc_common_all.o)
 .comment       0x0000000000000031       0x32 ../libopencm3/lib/libopencm3_stm32f1.a(flash_common_f01.o)
 .comment       0x0000000000000031       0x32 ../libopencm3/lib/libopencm3_stm32f1.a(usb.o)
 .comment       0x0000000000000031       0x32 ../libopencm3/lib/libopencm3_stm32f1.a(usb_control.o)
 .comment       0x0000000000000031       0x32 ../libopencm3/lib/libopencm3_stm32f1.a(usb_standard.o)
 .comment       0x0000000000000031       0x32 ../libopencm3/lib/libopencm3_stm32f1.a(st_usbfs_v1.o)
 .comment       0x0000000000000031       0x32 ../libopencm3/lib/libopencm3_stm32f1.a(vector.o)
 .comment       0x0000000000000031       0x32 ../libopencm3/lib/libopencm3_stm32f1.a(scb.o)
 .comment       0x0000000000000031       0x32 ../libopencm3/lib/libopencm3_stm32f1.a(st_usbfs_core.o)
 .comment       0x0000000000000031       0x32 /usr/lib/gcc/arm-none-eabi/6.3.1/../../../arm-none-eabi/lib/thumb/v7-m/libc.a(lib_a-memcmp.o)
 .comment       0x0000000000000031       0x32 /usr/lib/gcc/arm-none-eabi/6.3.1/../../../arm-none-eabi/lib/thumb/v7-m/libc.a(lib_a-memmove.o)
 .comment       0x0000000000000031       0x32 /usr/lib/gcc/arm-none-eabi/6.3.1/../../../arm-none-eabi/lib/thumb/v7-m/libc.a(lib_a-memset.o)
 .comment       0x0000000000000031       0x32 /usr/lib/gcc/arm-none-eabi/6.3.1/../../../arm-none-eabi/lib/thumb/v7-m/libc.a(lib_a-strlen-stub.o)
 .comment       0x0000000000000031       0x32 /usr/lib/gcc/arm-none-eabi/6.3.1/../../../arm-none-eabi/lib/thumb/v7-m/libc.a(lib_a-strncpy.o)

.ARM.attributes
                0x0000000000000000       0x31
 .ARM.attributes
                0x0000000000000000       0x33 build/CH32F203/./stm32f103/backup.o
 .ARM.attributes
                0x0000000000000033       0x33 build/CH32F203/./stm32f103/target_stm32f103.o
 .ARM.attributes
                0x0000000000000066       0x33 build/CH32F203/dapboot.o
 .ARM.attributes
                0x0000000000000099       0x33 build/CH32F203/dmesg.o
 .ARM.attributes
                0x00000000000000cc       0x33 build/CH32F203/dummy.o
 .ARM.attributes
                0x00000000000000ff       0x33 build/CH32F203/ghostfat.o
 .ARM.attributes
                0x0000000000000132       0x33 build/CH32F203/usb_conf.o
 .ARM.attributes
                0x0000000000000165       0x33 build/CH32F203/usb_msc.o
 .ARM.attributes
                0x0000000000000198       0x33 build/CH32F203/webusb.o
 .ARM.attributes
                0x00000000000001cb       0x33 build/CH32F203/winusb.o
 .ARM.attributes
                0x00000000000001fe       0x33 ../libopencm3/lib/libopencm3_stm32f1.a(desig.o)
 .ARM.attributes
                0x0000000000000231       0x33 ../libopencm3/lib/libopencm3_stm32f1.a(flash.o)
 .ARM.attributes
                0x0000000000000264       0x33 ../libopencm3/lib/libopencm3_stm32f1.a(gpio.o)
 .ARM.attributes
                0x0000000000000297       0x33 ../libopencm3/lib/libopencm3_stm32f1.a(gpio_common_all.o)
 .ARM.attributes
                0x00000000000002ca       0x33 ../libopencm3/lib/libopencm3_stm32f1.a(rcc_common_all.o)
 .ARM.attributes
                0x00000000000002fd       0x33 ../libopencm3/lib/libopencm3_stm32f1.a(flash_common_f01.o)
 .ARM.attributes
                0x0000000000000330       0x33 ../libopencm3/lib/libopencm3_stm32f1.a(usb.o)
 .ARM.attributes
                0x0000000000000363       0x33 ../libopencm3/lib/libopencm3_stm32f1.a(usb_control.o)
 .ARM.attributes
                0x0000000000000396       0x33 ../libopencm3/lib/libopencm3_stm32f1.a(usb_standard.o)
 .ARM.attributes
                0x00000000000003c9       0x33 ../libopencm3/lib/libopencm3_stm32f1.a(st_usbfs_v1.o)
 .ARM.attributes
                0x00000000000003fc       0x33 ../libopencm3/lib/libopencm3_stm32f1.a(vector.o)
 .ARM.attributes
                0x000000000000042f       0x33 ../libopencm3/lib/libopencm3_stm32f1.a(scb.o)
 .ARM.attributes
                0x0000000000000462       0x33 ../libopencm3/lib/libopencm3_stm32f1.a(st_usbfs_core.o)
 .ARM.attributes
                0x0000000000000495       0x2d /usr/lib/gcc/arm-none-eabi/6.3.1/../../../arm-none-eabi/lib/thumb/v7-m/libc.a(lib_a-memcmp.o)
 .ARM.attributes
                0x00000000000004c2       0x1b /usr/lib/gcc/arm-none-eabi/6.3.1/../../../arm-none-eabi/lib/thumb/v7-m/libc.a(lib_a-memcpy.o)
 .ARM.attributes
                0x00000000000004dd       0x2d /usr/lib/gcc/arm-none-eabi/6.3.1/../../../arm-none-eabi/lib/thumb/v7-m/libc.a(lib_a-memmove.o)
 .ARM.attributes
                0x000000000000050a       0x2d /usr/lib/gcc/arm-none-eabi/6.3.1/../../../arm-none-eabi/lib/thumb/v7-m/libc.a(lib_a-memset.o)
 .ARM.attributes
                0x0000000000000537       0x2d /usr/lib/gcc/arm-none-eabi/6.3.1/../../../arm-none-eabi/lib/thumb/v7-m/libc.a(lib_a-strlen-stub.o)
 .ARM.attributes
                0x0000000000000564       0x2d /usr/lib/gcc/arm-none-eabi/6.3.1/../../../arm-none-eabi/lib/thumb/v7-m/libc.a(lib_a-strncpy.o)

.debug_frame    0x0000000000000000     0x1034
 .debug_frame   0x0000000000000000       0x30 build/CH32F203/./stm32f103/backup.o
 .debug_frame   0x0000000000000030      0x120 build/CH32F203/./stm32f103/target_stm32f103.o
 .debug_frame   0x0000000000000150       0x60 build/CH32F203/dapboot.o
 .debug_frame   0x00000000000001b0       0xd0 build/CH32F203/dmesg.o
 .debug_frame   0x0000000000000280       0x58 build/CH32F203/dummy.o
 .debug_frame   0x00000000000002d8       0x90 build/CH32F203/ghostfat.o
 .debug_frame   0x0000000000000368       0x44 build/CH32F203/usb_conf.o
 .debug_frame   0x00000000000003ac       0xb4 build/CH32F203/usb_msc.o
 .debug_frame   0x0000000000000460       0x4c build/CH32F203/winusb.o
 .debug_frame   0x00000000000004ac       0x58 ../libopencm3/lib/libopencm3_stm32f1.a(desig.o)
 .debug_frame   0x0000000000000504      0x10c ../libopencm3/lib/libopencm3_stm32f1.a(flash.o)
 .debug_frame   0x0000000000000610       0x64 ../libopencm3/lib/libopencm3_stm32f1.a(gpio.o)
 .debug_frame   0x0000000000000674       0x80 ../libopencm3/lib/libopencm3_stm32f1.a(gpio_common_all.o)
 .debug_frame   0x00000000000006f4       0xb0 ../libopencm3/lib/libopencm3_stm32f1.a(rcc_common_all.o)
 .debug_frame   0x00000000000007a4      0x120 ../libopencm3/lib/libopencm3_stm32f1.a(flash_common_f01.o)
 .debug_frame   0x00000000000008c4      0x14c ../libopencm3/lib/libopencm3_stm32f1.a(usb.o)
 .debug_frame   0x0000000000000a10      0x154 ../libopencm3/lib/libopencm3_stm32f1.a(usb_control.o)
 .debug_frame   0x0000000000000b64      0x1ec ../libopencm3/lib/libopencm3_stm32f1.a(usb_standard.o)
 .debug_frame   0x0000000000000d50       0x58 ../libopencm3/lib/libopencm3_stm32f1.a(st_usbfs_v1.o)
 .debug_frame   0x0000000000000da8       0x40 ../libopencm3/lib/libopencm3_stm32f1.a(vector.o)
 .debug_frame   0x0000000000000de8       0x40 ../libopencm3/lib/libopencm3_stm32f1.a(scb.o)
 .debug_frame   0x0000000000000e28      0x118 ../libopencm3/lib/libopencm3_stm32f1.a(st_usbfs_core.o)
 .debug_frame   0x0000000000000f40       0x3c /usr/lib/gcc/arm-none-eabi/6.3.1/../../../arm-none-eabi/lib/thumb/v7-m/libc.a(lib_a-memcmp.o)
 .debug_frame   0x0000000000000f7c       0x30 /usr/lib/gcc/arm-none-eabi/6.3.1/../../../arm-none-eabi/lib/thumb/v7-m/libc.a(lib_a-memmove.o)
 .debug_frame   0x0000000000000fac       0x34 /usr/lib/gcc/arm-none-eabi/6.3.1/../../../arm-none-eabi/lib/thumb/v7-m/libc.a(lib_a-memset.o)
 .debug_frame   0x0000000000000fe0       0x20 /usr/lib/gcc/arm-none-eabi/6.3.1/../../../arm-none-eabi/lib/thumb/v7-m/libc.a(lib_a-strlen-stub.o)
 .debug_frame   0x0000000000001000       0x34 /usr/lib/gcc/arm-none-eabi/6.3.1/../../../arm-none-eabi/lib/thumb/v7-m/libc.a(lib_a-strncpy.o)

.debug_macro    0x0000000000000000     0x4c9e
 .debug_macro   0x0000000000000000       0xad ../libopencm3/lib/libopencm3_stm32f1.a(desig.o)
 .debug_macro   0x00000000000000ad      0x8b0 ../libopencm3/lib/libopencm3_stm32f1.a(desig.o)
 .debug_macro   0x000000000000095d       0x22 ../libopencm3/lib/libopencm3_stm32f1.a(desig.o)
 .debug_macro   0x000000000000097f       0x87 ../libopencm3/lib/libopencm3_stm32f1.a(desig.o)
 .debug_macro   0x0000000000000a06       0x44 ../libopencm3/lib/libopencm3_stm32f1.a(desig.o)
 .debug_macro   0x0000000000000a4a       0xfd ../libopencm3/lib/libopencm3_stm32f1.a(desig.o)
 .debug_macro   0x0000000000000b47       0x5e ../libopencm3/lib/libopencm3_stm32f1.a(desig.o)
 .debug_macro   0x0000000000000ba5      0x1df ../libopencm3/lib/libopencm3_stm32f1.a(desig.o)
 .debug_macro   0x0000000000000d84       0x22 ../libopencm3/lib/libopencm3_stm32f1.a(desig.o)
 .debug_macro   0x0000000000000da6       0xfa ../libopencm3/lib/libopencm3_stm32f1.a(desig.o)
 .debug_macro   0x0000000000000ea0       0x58 ../libopencm3/lib/libopencm3_stm32f1.a(desig.o)
 .debug_macro   0x0000000000000ef8      0x1b4 ../libopencm3/lib/libopencm3_stm32f1.a(desig.o)
 .debug_macro   0x00000000000010ac       0xc9 ../libopencm3/lib/libopencm3_stm32f1.a(flash.o)
 .debug_macro   0x0000000000001175       0xdc ../libopencm3/lib/libopencm3_stm32f1.a(flash.o)
 .debug_macro   0x0000000000001251       0x82 ../libopencm3/lib/libopencm3_stm32f1.a(flash.o)
 .debug_macro   0x00000000000012d3       0xb9 ../libopencm3/lib/libopencm3_stm32f1.a(gpio.o)
 .debug_macro   0x000000000000138c       0x76 ../libopencm3/lib/libopencm3_stm32f1.a(gpio.o)
 .debug_macro   0x0000000000001402      0xdfd ../libopencm3/lib/libopencm3_stm32f1.a(gpio.o)
 .debug_macro   0x00000000000021ff       0xb9 ../libopencm3/lib/libopencm3_stm32f1.a(gpio_common_all.o)
 .debug_macro   0x00000000000022b8       0xcf ../libopencm3/lib/libopencm3_stm32f1.a(rcc_common_all.o)
 .debug_macro   0x0000000000002387      0x825 ../libopencm3/lib/libopencm3_stm32f1.a(rcc_common_all.o)
 .debug_macro   0x0000000000002bac       0xb9 ../libopencm3/lib/libopencm3_stm32f1.a(flash_common_f01.o)
 .debug_macro   0x0000000000002c65      0x14a ../libopencm3/lib/libopencm3_stm32f1.a(usb.o)
 .debug_macro   0x0000000000002daf       0x4c ../libopencm3/lib/libopencm3_stm32f1.a(usb.o)
 .debug_macro   0x0000000000002dfb       0x8d ../libopencm3/lib/libopencm3_stm32f1.a(usb.o)
 .debug_macro   0x0000000000002e88       0x35 ../libopencm3/lib/libopencm3_stm32f1.a(usb.o)
 .debug_macro   0x0000000000002ebd       0x9c ../libopencm3/lib/libopencm3_stm32f1.a(usb.o)
 .debug_macro   0x0000000000002f59      0x174 ../libopencm3/lib/libopencm3_stm32f1.a(usb.o)
 .debug_macro   0x00000000000030cd       0x4a ../libopencm3/lib/libopencm3_stm32f1.a(usb.o)
 .debug_macro   0x0000000000003117       0x52 ../libopencm3/lib/libopencm3_stm32f1.a(usb.o)
 .debug_macro   0x0000000000003169       0x1f ../libopencm3/lib/libopencm3_stm32f1.a(usb.o)
 .debug_macro   0x0000000000003188       0x43 ../libopencm3/lib/libopencm3_stm32f1.a(usb.o)
 .debug_macro   0x00000000000031cb       0x20 ../libopencm3/lib/libopencm3_stm32f1.a(usb.o)
 .debug_macro   0x00000000000031eb      0x187 ../libopencm3/lib/libopencm3_stm32f1.a(usb.o)
 .debug_macro   0x0000000000003372      0x30d ../libopencm3/lib/libopencm3_stm32f1.a(usb.o)
 .debug_macro   0x000000000000367f       0x10 ../libopencm3/lib/libopencm3_stm32f1.a(usb.o)
 .debug_macro   0x000000000000368f       0x35 ../libopencm3/lib/libopencm3_stm32f1.a(usb.o)
 .debug_macro   0x00000000000036c4      0x209 ../libopencm3/lib/libopencm3_stm32f1.a(usb.o)
 .debug_macro   0x00000000000038cd       0x10 ../libopencm3/lib/libopencm3_stm32f1.a(usb.o)
 .debug_macro   0x00000000000038dd       0x1c ../libopencm3/lib/libopencm3_stm32f1.a(usb.o)
 .debug_macro   0x00000000000038f9      0x161 ../libopencm3/lib/libopencm3_stm32f1.a(usb_control.o)
 .debug_macro   0x0000000000003a5a       0x16 ../libopencm3/lib/libopencm3_stm32f1.a(usb_control.o)
 .debug_macro   0x0000000000003a70      0x10e ../libopencm3/lib/libopencm3_stm32f1.a(usb_control.o)
 .debug_macro   0x0000000000003b7e       0x8d ../libopencm3/lib/libopencm3_stm32f1.a(usb_control.o)
 .debug_macro   0x0000000000003c0b       0x16 ../libopencm3/lib/libopencm3_stm32f1.a(usb_control.o)
 .debug_macro   0x0000000000003c21       0x29 ../libopencm3/lib/libopencm3_stm32f1.a(usb_control.o)
 .debug_macro   0x0000000000003c4a      0x14a ../libopencm3/lib/libopencm3_stm32f1.a(usb_standard.o)
 .debug_macro   0x0000000000003d94      0x10e ../libopencm3/lib/libopencm3_stm32f1.a(st_usbfs_v1.o)
 .debug_macro   0x0000000000003ea2       0x3a ../libopencm3/lib/libopencm3_stm32f1.a(st_usbfs_v1.o)
 .debug_macro   0x0000000000003edc      0x29e ../libopencm3/lib/libopencm3_stm32f1.a(st_usbfs_v1.o)
 .debug_macro   0x000000000000417a       0x28 ../libopencm3/lib/libopencm3_stm32f1.a(st_usbfs_v1.o)
 .debug_macro   0x00000000000041a2      0x20f ../libopencm3/lib/libopencm3_stm32f1.a(st_usbfs_v1.o)
 .debug_macro   0x00000000000043b1       0x10 ../libopencm3/lib/libopencm3_stm32f1.a(st_usbfs_v1.o)
 .debug_macro   0x00000000000043c1       0xd0 ../libopencm3/lib/libopencm3_stm32f1.a(vector.o)
 .debug_macro   0x0000000000004491      0x3a1 ../libopencm3/lib/libopencm3_stm32f1.a(vector.o)
 .debug_macro   0x0000000000004832       0x6a ../libopencm3/lib/libopencm3_stm32f1.a(vector.o)
 .debug_macro   0x000000000000489c      0x1a2 ../libopencm3/lib/libopencm3_stm32f1.a(vector.o)
 .debug_macro   0x0000000000004a3e      0x152 ../libopencm3/lib/libopencm3_stm32f1.a(scb.o)
 .debug_macro   0x0000000000004b90      0x10e ../libopencm3/lib/libopencm3_stm32f1.a(st_usbfs_core.o)
